info: Microsoft.EntityFrameworkCore.Database.Command[20101]
      Executed DbCommand (53ms) [Parameters=[], CommandType='Text', CommandTimeout='30']
      SELECT 1
info: Microsoft.EntityFrameworkCore.Migrations[20411]
      Acquiring an exclusive lock for migration application. See https://aka.ms/efcore-docs-migrations-lock for more information if this takes too long.
info: Microsoft.EntityFrameworkCore.Database.Command[20101]
      Executed DbCommand (130ms) [Parameters=[], CommandType='Text', CommandTimeout='30']
      DECLARE @result int;
      EXEC @result = sp_getapplock @Resource = '__EFMigrationsLock', @LockOwner = 'Session', @LockMode = 'Exclusive';
      SELECT @result
info: Microsoft.EntityFrameworkCore.Database.Command[20101]
      Executed DbCommand (50ms) [Parameters=[], CommandType='Text', CommandTimeout='30']
      IF OBJECT_ID(N'[__EFMigrationsHistory]') IS NULL
      BEGIN
          CREATE TABLE [__EFMigrationsHistory] (
              [MigrationId] nvarchar(150) NOT NULL,
              [ProductVersion] nvarchar(32) NOT NULL,
              CONSTRAINT [PK___EFMigrationsHistory] PRIMARY KEY ([MigrationId])
          );
      END;
info: Microsoft.EntityFrameworkCore.Database.Command[20101]
      Executed DbCommand (21ms) [Parameters=[], CommandType='Text', CommandTimeout='30']
      SELECT 1
info: Microsoft.EntityFrameworkCore.Database.Command[20101]
      Executed DbCommand (36ms) [Parameters=[], CommandType='Text', CommandTimeout='30']
      SELECT OBJECT_ID(N'[__EFMigrationsHistory]');
info: Microsoft.EntityFrameworkCore.Database.Command[20101]
      Executed DbCommand (134ms) [Parameters=[], CommandType='Text', CommandTimeout='30']
      SELECT [MigrationId], [ProductVersion]
      FROM [__EFMigrationsHistory]
      ORDER BY [MigrationId];
info: Microsoft.EntityFrameworkCore.Migrations[20405]
      No migrations were applied. The database is already up to date.
info: Microsoft.EntityFrameworkCore.Database.Command[20101]
      Executed DbCommand (38ms) [Parameters=[], CommandType='Text', CommandTimeout='30']
      DECLARE @result int;
      EXEC @result = sp_releaseapplock @Resource = '__EFMigrationsLock', @LockOwner = 'Session';
      SELECT @result
info: Microsoft.EntityFrameworkCore.Database.Command[20101]
      Executed DbCommand (34ms) [Parameters=[], CommandType='Text', CommandTimeout='30']
      SELECT [q].[CreatedAtUtc]
      FROM [QaReviews] AS [q]
      INNER JOIN [dbo].[SupportFAQs] AS [s] ON [q].[SupportFaqId] = [s].[Id]
      WHERE [s].[AgentId] IS NOT NULL
info: Microsoft.EntityFrameworkCore.Database.Command[20101]
      Executed DbCommand (41ms) [Parameters=[@earliestMonthStartUtc='?' (DbType = DateTime2), @upperBoundUtc='?' (DbType = DateTime2)], CommandType='Text', CommandTimeout='30']
      SELECT [q].[CreatedAtUtc], [s].[AgentId] AS [AgentUserId], [q].[OverallPercent]
      FROM [QaReviews] AS [q]
      INNER JOIN [dbo].[SupportFAQs] AS [s] ON [q].[SupportFaqId] = [s].[Id]
      WHERE [s].[AgentId] IS NOT NULL AND [q].[CreatedAtUtc] >= @earliestMonthStartUtc AND [q].[CreatedAtUtc] < @upperBoundUtc
info: Microsoft.EntityFrameworkCore.Database.Command[20101]
      Executed DbCommand (66ms) [Parameters=[@monthSet1='?' (DbType = DateTime2), @metricType='?' (Size = 1) (DbType = Byte)], CommandType='Text', CommandTimeout='30']
      SELECT [a].[AgentRankingId], [a].[AgentUserId], [a].[CalculatedAtUtc], [a].[MetricType], [a].[MetricValue], [a].[PeriodStartUtc], [a].[RankPosition], [a].[RankedAgentCount], [a].[ReviewCount], [a].[UpdatedAtUtc]
      FROM [dbo].[AgentRankings] AS [a]
      WHERE [a].[PeriodStartUtc] = @monthSet1 AND [a].[MetricType] = @metricType
info: Microsoft.EntityFrameworkCore.Database.Command[20101]
      Executed DbCommand (133ms) [Parameters=[@p0='?' (DbType = Int32), @p1='?' (DbType = Int32), @p2='?' (DbType = Int32), @p3='?' (DbType = DateTime2), @p4='?' (Size = 1) (DbType = Byte), @p5='?' (Precision = 10) (Scale = 2) (DbType = Decimal), @p6='?' (DbType = DateTime2), @p7='?' (DbType = Int32), @p8='?' (DbType = Int32), @p9='?' (DbType = Int32), @p10='?' (DbType = DateTime2), @p11='?' (DbType = Int32), @p12='?' (DbType = DateTime2), @p13='?' (Size = 1) (DbType = Byte), @p14='?' (Precision = 10) (Scale = 2) (DbType = Decimal), @p15='?' (DbType = DateTime2), @p16='?' (DbType = Int32), @p17='?' (DbType = Int32), @p18='?' (DbType = Int32), @p19='?' (DbType = DateTime2)], CommandType='Text', CommandTimeout='30']
      SET NOCOUNT ON;
      DELETE FROM [dbo].[AgentRankings]
      OUTPUT 1
      WHERE [AgentRankingId] = @p0;
      DELETE FROM [dbo].[AgentRankings]
      OUTPUT 1
      WHERE [AgentRankingId] = @p1;
      MERGE [dbo].[AgentRankings] USING (
      VALUES (@p2, @p3, @p4, @p5, @p6, @p7, @p8, @p9, @p10, 0),
      (@p11, @p12, @p13, @p14, @p15, @p16, @p17, @p18, @p19, 1)) AS i ([AgentUserId], [CalculatedAtUtc], [MetricType], [MetricValue], [PeriodStartUtc], [RankPosition], [RankedAgentCount], [ReviewCount], [UpdatedAtUtc], _Position) ON 1=0
      WHEN NOT MATCHED THEN
      INSERT ([AgentUserId], [CalculatedAtUtc], [MetricType], [MetricValue], [PeriodStartUtc], [RankPosition], [RankedAgentCount], [ReviewCount], [UpdatedAtUtc])
      VALUES (i.[AgentUserId], i.[CalculatedAtUtc], i.[MetricType], i.[MetricValue], i.[PeriodStartUtc], i.[RankPosition], i.[RankedAgentCount], i.[ReviewCount], i.[UpdatedAtUtc])
      OUTPUT INSERTED.[AgentRankingId], i._Position;
info: Microsoft.EntityFrameworkCore.Database.Command[20101]
      Executed DbCommand (61ms) [Parameters=[@monthStartUtc='?' (DbType = DateTime2), @nextMonthStartUtc='?' (DbType = DateTime2)], CommandType='Text', CommandTimeout='30']
      SELECT [q].[SupportFaqId], [s].[AgentId] AS [AgentUserId], [s].[StartTime], [s].[EndTime], [s].[DurationMinutes]
      FROM [QaReviews] AS [q]
      INNER JOIN [dbo].[SupportFAQs] AS [s] ON [q].[SupportFaqId] = [s].[Id]
      WHERE [s].[AgentId] IS NOT NULL AND [q].[CreatedAtUtc] >= @monthStartUtc AND [q].[CreatedAtUtc] < @nextMonthStartUtc
info: Microsoft.EntityFrameworkCore.Database.Command[20101]
      Executed DbCommand (49ms) [Parameters=[@supportFaqIds1='?' (DbType = Int32), @supportFaqIds2='?' (DbType = Int32), @supportFaqIds3='?' (DbType = Int32), @supportFaqIds4='?' (DbType = Int32)], CommandType='Text', CommandTimeout='30']
      SELECT [s].[ConversationId], [s].[MessageText], [s].[CreatedAt]
      FROM [dbo].[SupportMessages] AS [s]
      WHERE [s].[ConversationId] IN (@supportFaqIds1, @supportFaqIds2, @supportFaqIds3, @supportFaqIds4)
      ORDER BY [s].[CreatedAt], [s].[Id]
info: Microsoft.EntityFrameworkCore.Database.Command[20101]
      Executed DbCommand (45ms) [Parameters=[@monthSet1='?' (DbType = DateTime2), @metricType='?' (Size = 1) (DbType = Byte)], CommandType='Text', CommandTimeout='30']
      SELECT [a].[AgentRankingId], [a].[AgentUserId], [a].[CalculatedAtUtc], [a].[MetricType], [a].[MetricValue], [a].[PeriodStartUtc], [a].[RankPosition], [a].[RankedAgentCount], [a].[ReviewCount], [a].[UpdatedAtUtc]
      FROM [dbo].[AgentRankings] AS [a]
      WHERE [a].[PeriodStartUtc] = @monthSet1 AND [a].[MetricType] = @metricType
info: Microsoft.EntityFrameworkCore.Database.Command[20101]
      Executed DbCommand (69ms) [Parameters=[@p0='?' (DbType = Int32), @p1='?' (DbType = Int32), @p2='?' (DbType = Int32), @p3='?' (DbType = DateTime2), @p4='?' (Size = 1) (DbType = Byte), @p5='?' (Precision = 10) (Scale = 2) (DbType = Decimal), @p6='?' (DbType = DateTime2), @p7='?' (DbType = Int32), @p8='?' (DbType = Int32), @p9='?' (DbType = Int32), @p10='?' (DbType = DateTime2), @p11='?' (DbType = Int32), @p12='?' (DbType = DateTime2), @p13='?' (Size = 1) (DbType = Byte), @p14='?' (Precision = 10) (Scale = 2) (DbType = Decimal), @p15='?' (DbType = DateTime2), @p16='?' (DbType = Int32), @p17='?' (DbType = Int32), @p18='?' (DbType = Int32), @p19='?' (DbType = DateTime2)], CommandType='Text', CommandTimeout='30']
      SET NOCOUNT ON;
      DELETE FROM [dbo].[AgentRankings]
      OUTPUT 1
      WHERE [AgentRankingId] = @p0;
      DELETE FROM [dbo].[AgentRankings]
      OUTPUT 1
      WHERE [AgentRankingId] = @p1;
      MERGE [dbo].[AgentRankings] USING (
      VALUES (@p2, @p3, @p4, @p5, @p6, @p7, @p8, @p9, @p10, 0),
      (@p11, @p12, @p13, @p14, @p15, @p16, @p17, @p18, @p19, 1)) AS i ([AgentUserId], [CalculatedAtUtc], [MetricType], [MetricValue], [PeriodStartUtc], [RankPosition], [RankedAgentCount], [ReviewCount], [UpdatedAtUtc], _Position) ON 1=0
      WHEN NOT MATCHED THEN
      INSERT ([AgentUserId], [CalculatedAtUtc], [MetricType], [MetricValue], [PeriodStartUtc], [RankPosition], [RankedAgentCount], [ReviewCount], [UpdatedAtUtc])
      VALUES (i.[AgentUserId], i.[CalculatedAtUtc], i.[MetricType], i.[MetricValue], i.[PeriodStartUtc], i.[RankPosition], i.[RankedAgentCount], i.[ReviewCount], i.[UpdatedAtUtc])
      OUTPUT INSERTED.[AgentRankingId], i._Position;
info: Microsoft.Hosting.Lifetime[14]
      Now listening on: http://127.0.0.1:5079
info: Microsoft.Hosting.Lifetime[0]
      Application started. Press Ctrl+C to shut down.
info: Microsoft.Hosting.Lifetime[0]
      Hosting environment: Production
info: Microsoft.Hosting.Lifetime[0]
      Content root path: C:\dev\NextHorizon\NextHorizon
warn: Microsoft.AspNetCore.HttpsPolicy.HttpsRedirectionMiddleware[3]
      Failed to determine the https port for redirect.
info: NextHorizon.Security.DevelopmentAuthenticationHandler[7]
      DevAuth was not authenticated. Failure message: Development authentication is disabled outside Development environment.
